d:\src thangcuoi\src\exgameserver\temp\gameserver.pch
d:\src thangcuoi\src\exgameserver\temp\vc145.pdb
d:\src thangcuoi\src\exgameserver\temp\stdafx.obj
d:\src thangcuoi\src\exgameserver\temp\activeinvasions.obj
d:\src thangcuoi\src\exgameserver\temp\cannontower.obj
d:\src thangcuoi\src\exgameserver\temp\cashshop.obj
d:\src thangcuoi\src\exgameserver\temp\custombuyvip.obj
d:\src thangcuoi\src\exgameserver\temp\acuoi_jewelbank.obj
d:\src thangcuoi\src\exgameserver\temp\customrankuser.obj
d:\src thangcuoi\src\exgameserver\temp\dsprotocol.obj
d:\src thangcuoi\src\exgameserver\temp\invasionmanager.obj
d:\src thangcuoi\src\exgameserver\temp\itemoptionrate.obj
d:\src thangcuoi\src\exgameserver\temp\memoryallocatorinfo.obj
d:\src thangcuoi\src\exgameserver\temp\monsteraiunit.obj
d:\src thangcuoi\src\exgameserver\temp\muunsystem.obj
d:\src thangcuoi\src\exgameserver\temp\protocol.obj
d:\src thangcuoi\src\exgameserver\temp\trade.obj
d:\src thangcuoi\src\exgameserver\temp\arcabattle.obj
d:\src thangcuoi\src\exgameserver\temp\acuoi_mocnap.obj
d:\src thangcuoi\src\exgameserver\temp\crywolfutil.obj
d:\src thangcuoi\src\exgameserver\temp\acuoi_vongquay.obj
d:\src thangcuoi\src\exgameserver\temp\custompet.obj
d:\src thangcuoi\src\exgameserver\temp\customwing.obj
d:\src thangcuoi\src\exgameserver\temp\defaultclassinfo.obj
d:\src thangcuoi\src\exgameserver\temp\effectmanager.obj
d:\src thangcuoi\src\exgameserver\temp\eventrussianroulette.obj
d:\src thangcuoi\src\exgameserver\temp\guild.obj
d:\src thangcuoi\src\exgameserver\temp\imperialguardian.obj
d:\src thangcuoi\src\exgameserver\temp\itemvalue.obj
d:\src thangcuoi\src\exgameserver\temp\kanturu.obj
d:\src thangcuoi\src\exgameserver\temp\luckyitem.obj
d:\src thangcuoi\src\exgameserver\temp\monsteraigroupmember.obj
d:\src thangcuoi\src\exgameserver\temp\monsteraimovepathinfo.obj
d:\src thangcuoi\src\exgameserver\temp\monstersetbase.obj
d:\src thangcuoi\src\exgameserver\temp\npctalk.obj
d:\src thangcuoi\src\exgameserver\temp\questworldreward.obj
d:\src thangcuoi\src\exgameserver\temp\reidomu.obj
d:\src thangcuoi\src\exgameserver\temp\socketmanager.obj
d:\src thangcuoi\src\exgameserver\temp\acuoi_relife.obj
d:\src thangcuoi\src\exgameserver\temp\math.obj
d:\src thangcuoi\src\exgameserver\temp\bonusmanager.obj
d:\src thangcuoi\src\exgameserver\temp\chaosbox.obj
d:\src thangcuoi\src\exgameserver\temp\custommix.obj
d:\src thangcuoi\src\exgameserver\temp\customstartitemdame.obj
d:\src thangcuoi\src\exgameserver\temp\effect.obj
d:\src thangcuoi\src\exgameserver\temp\eventhideandseek.obj
d:\src thangcuoi\src\exgameserver\temp\eventtvt.obj
d:\src thangcuoi\src\exgameserver\temp\hackpacketcheck.obj
d:\src thangcuoi\src\exgameserver\temp\item.obj
d:\src thangcuoi\src\exgameserver\temp\itemvaluetrade.obj
d:\src thangcuoi\src\exgameserver\temp\kanturuobjinfo.obj
d:\src thangcuoi\src\exgameserver\temp\log.obj
d:\src thangcuoi\src\exgameserver\temp\masterskilltree.obj
d:\src thangcuoi\src\exgameserver\temp\monsteraielement.obj
d:\src thangcuoi\src\exgameserver\temp\monsterskillelementinfo.obj
d:\src thangcuoi\src\exgameserver\temp\offlinemode.obj
d:\src thangcuoi\src\exgameserver\temp\quest.obj
d:\src thangcuoi\src\exgameserver\temp\queuetimer.obj
d:\src thangcuoi\src\exgameserver\temp\raklionbattleuser.obj
d:\src thangcuoi\src\exgameserver\temp\raklionselupan.obj
d:\src thangcuoi\src\exgameserver\temp\serverdisplayer.obj
d:\src thangcuoi\src\exgameserver\temp\socketitemoption.obj
d:\src thangcuoi\src\exgameserver\temp\acuoi_danhhieu.obj
d:\src thangcuoi\src\exgameserver\temp\warehouse.obj
d:\src thangcuoi\src\exgameserver\temp\ccrc32.obj
d:\src thangcuoi\src\exgameserver\temp\blacklist.obj
d:\src thangcuoi\src\exgameserver\temp\castlesiege.obj
d:\src thangcuoi\src\exgameserver\temp\csprotocol.obj
d:\src thangcuoi\src\exgameserver\temp\customdeathmessage.obj
d:\src thangcuoi\src\exgameserver\temp\resettablevip.obj
d:\src thangcuoi\src\exgameserver\temp\customnpccommand.obj
d:\src thangcuoi\src\exgameserver\temp\customstore.obj
d:\src thangcuoi\src\exgameserver\temp\eventkillall.obj
d:\src thangcuoi\src\exgameserver\temp\filterraname.obj
d:\src thangcuoi\src\exgameserver\temp\guardianstatue.obj
d:\src thangcuoi\src\exgameserver\temp\guildmatching.obj
d:\src thangcuoi\src\exgameserver\temp\ipmanager.obj
d:\src thangcuoi\src\exgameserver\temp\itemmanager.obj
d:\src thangcuoi\src\exgameserver\temp\mapmanager.obj
d:\src thangcuoi\src\exgameserver\temp\monsterai.obj
d:\src thangcuoi\src\exgameserver\temp\monsterairuleinfo.obj
d:\src thangcuoi\src\exgameserver\temp\monstermanager.obj
d:\src thangcuoi\src\exgameserver\temp\path.obj
d:\src thangcuoi\src\exgameserver\temp\pentagramsystem.obj
d:\src thangcuoi\src\exgameserver\temp\raklionbattleusermng.obj
d:\src thangcuoi\src\exgameserver\temp\resettable.obj
d:\src thangcuoi\src\exgameserver\temp\shopmanager.obj
d:\src thangcuoi\src\exgameserver\temp\acuoi_messlang.obj
d:\src thangcuoi\src\exgameserver\temp\viewport.obj
d:\src thangcuoi\src\exgameserver\temp\acuoi_tuluyen.obj
d:\src thangcuoi\src\exgameserver\temp\castlesiegecrown.obj
d:\src thangcuoi\src\exgameserver\temp\comboskill.obj
d:\src thangcuoi\src\exgameserver\temp\crywolf.obj
d:\src thangcuoi\src\exgameserver\temp\customjewel.obj
d:\src thangcuoi\src\exgameserver\temp\custommove.obj
d:\src thangcuoi\src\exgameserver\temp\customstartsetitemdame.obj
d:\src thangcuoi\src\exgameserver\temp\esprotocol.obj
d:\src thangcuoi\src\exgameserver\temp\eventstart.obj
d:\src thangcuoi\src\exgameserver\temp\gamemain.obj
d:\src thangcuoi\src\exgameserver\temp\inventoryequipment.obj
d:\src thangcuoi\src\exgameserver\temp\itemdrop.obj
d:\src thangcuoi\src\exgameserver\temp\kanturubattlestanby.obj
d:\src thangcuoi\src\exgameserver\temp\kanturuutil.obj
d:\src thangcuoi\src\exgameserver\temp\memscript.obj
d:\src thangcuoi\src\exgameserver\temp\monsteraiautomatainfo.obj
d:\src thangcuoi\src\exgameserver\temp\monsteraistate.obj
d:\src thangcuoi\src\exgameserver\temp\monsteraiunitinfo.obj
d:\src thangcuoi\src\exgameserver\temp\monsterskillelementoption.obj
d:\src thangcuoi\src\exgameserver\temp\objectmanager.obj
d:\src thangcuoi\src\exgameserver\temp\acuoi_castleevent.obj
d:\src thangcuoi\src\exgameserver\temp\battlesoccermanager.obj
d:\src thangcuoi\src\exgameserver\temp\botonline.obj
d:\src thangcuoi\src\exgameserver\temp\castledeep.obj
d:\src thangcuoi\src\exgameserver\temp\customcommanddescription.obj
d:\src thangcuoi\src\exgameserver\temp\customeventtime.obj
d:\src thangcuoi\src\exgameserver\temp\custommoveevent.obj
d:\src thangcuoi\src\exgameserver\temp\customquest.obj
d:\src thangcuoi\src\exgameserver\temp\eventpvp.obj
d:\src thangcuoi\src\exgameserver\temp\fakeonline.obj
d:\src thangcuoi\src\exgameserver\temp\itembagex.obj
d:\src thangcuoi\src\exgameserver\temp\kanturubattleusermng.obj
d:\src thangcuoi\src\exgameserver\temp\mapitem.obj
d:\src thangcuoi\src\exgameserver\temp\minimap.obj
d:\src thangcuoi\src\exgameserver\temp\monsteraigroup.obj
d:\src thangcuoi\src\exgameserver\temp\monsterskillelement.obj
d:\src thangcuoi\src\exgameserver\temp\mossmerchant.obj
d:\src thangcuoi\src\exgameserver\temp\questobjective.obj
d:\src thangcuoi\src\exgameserver\temp\raklionobjinfo.obj
d:\src thangcuoi\src\exgameserver\temp\randommanager.obj
d:\src thangcuoi\src\exgameserver\temp\sendmessage.obj
d:\src thangcuoi\src\exgameserver\temp\shop.obj
d:\src thangcuoi\src\exgameserver\temp\skillmanager.obj
d:\src thangcuoi\src\exgameserver\temp\unioninfo.obj
d:\src thangcuoi\src\exgameserver\temp\user.obj
d:\src thangcuoi\src\exgameserver\temp\380itemoption.obj
d:\src thangcuoi\src\exgameserver\temp\botbuffer.obj
d:\src thangcuoi\src\exgameserver\temp\castlesiegecrownswitch.obj
d:\src thangcuoi\src\exgameserver\temp\connection.obj
d:\src thangcuoi\src\exgameserver\temp\crywolfstatetimeinfo.obj
d:\src thangcuoi\src\exgameserver\temp\customattack.obj
d:\src thangcuoi\src\exgameserver\temp\customexchangecoin.obj
d:\src thangcuoi\src\exgameserver\temp\customstartitem.obj
d:\src thangcuoi\src\exgameserver\temp\eventgvg.obj
d:\src thangcuoi\src\exgameserver\temp\exwinquestsystem.obj
d:\src thangcuoi\src\exgameserver\temp\helper.obj
d:\src thangcuoi\src\exgameserver\temp\itemexcellentoptionrate.obj
d:\src thangcuoi\src\exgameserver\temp\itemoption.obj
d:\src thangcuoi\src\exgameserver\temp\kanturubattleofnightmare.obj
d:\src thangcuoi\src\exgameserver\temp\kanturumonstermng.obj
d:\src thangcuoi\src\exgameserver\temp\luckycoin.obj
d:\src thangcuoi\src\exgameserver\temp\monsteraimovepath.obj
d:\src thangcuoi\src\exgameserver\temp\monsterskillunitinfo.obj
d:\src thangcuoi\src\exgameserver\temp\movesummon.obj
d:\src thangcuoi\src\exgameserver\temp\partymatching.obj
d:\src thangcuoi\src\exgameserver\temp\personalshop.obj
d:\src thangcuoi\src\exgameserver\temp\raklionutil.obj
d:\src thangcuoi\src\exgameserver\temp\serverinfo.obj
d:\src thangcuoi\src\exgameserver\temp\battleground.obj
d:\src thangcuoi\src\exgameserver\temp\bloodcastle.obj
d:\src thangcuoi\src\exgameserver\temp\chaoscastle.obj
d:\src thangcuoi\src\exgameserver\temp\customeventdrop.obj
d:\src thangcuoi\src\exgameserver\temp\customnpcquest.obj
d:\src thangcuoi\src\exgameserver\temp\eventquickly.obj
d:\src thangcuoi\src\exgameserver\temp\fruit.obj
d:\src thangcuoi\src\exgameserver\temp\getlicenseid.obj
d:\src thangcuoi\src\exgameserver\temp\illusiontemple.obj
d:\src thangcuoi\src\exgameserver\temp\itemstack.obj
d:\src thangcuoi\src\exgameserver\temp\kalima.obj
d:\src thangcuoi\src\exgameserver\temp\kanturumaya.obj
d:\src thangcuoi\src\exgameserver\temp\map.obj
d:\src thangcuoi\src\exgameserver\temp\monsteraiagro.obj
d:\src thangcuoi\src\exgameserver\temp\monsteraiutil.obj
d:\src thangcuoi\src\exgameserver\temp\murummy.obj
d:\src thangcuoi\src\exgameserver\temp\protect.obj
d:\src thangcuoi\src\exgameserver\temp\queue.obj
d:\src thangcuoi\src\exgameserver\temp\raklionbattleofselupan.obj
d:\src thangcuoi\src\exgameserver\temp\resetchange.obj
d:\src thangcuoi\src\exgameserver\temp\socketconnection.obj
d:\src thangcuoi\src\exgameserver\temp\socketmanagermodern.obj
d:\src thangcuoi\src\exgameserver\temp\acuoi_autohp.obj
d:\src thangcuoi\src\exgameserver\temp\union.obj
d:\src thangcuoi\src\exgameserver\temp\attack.obj
d:\src thangcuoi\src\exgameserver\temp\castlesiegeweapon.obj
d:\src thangcuoi\src\exgameserver\temp\criticalsection.obj
d:\src thangcuoi\src\exgameserver\temp\crywolfobjinfo.obj
d:\src thangcuoi\src\exgameserver\temp\crywolfstatue.obj
d:\src thangcuoi\src\exgameserver\temp\acuoi_giftcode.obj
d:\src thangcuoi\src\exgameserver\temp\customnpccollector.obj
d:\src thangcuoi\src\exgameserver\temp\customwingmix.obj
d:\src thangcuoi\src\exgameserver\temp\duel.obj
d:\src thangcuoi\src\exgameserver\temp\gate.obj
d:\src thangcuoi\src\exgameserver\temp\hackcheck.obj
d:\src thangcuoi\src\exgameserver\temp\itembag.obj
d:\src thangcuoi\src\exgameserver\temp\jewelofharmonytype.obj
d:\src thangcuoi\src\exgameserver\temp\kanturuentrancenpc.obj
d:\src thangcuoi\src\exgameserver\temp\lifestone.obj
d:\src thangcuoi\src\exgameserver\temp\miningsystem.obj
d:\src thangcuoi\src\exgameserver\temp\monsterskillinfo.obj
d:\src thangcuoi\src\exgameserver\temp\move.obj
d:\src thangcuoi\src\exgameserver\temp\pcpoint.obj
d:\src thangcuoi\src\exgameserver\temp\questworldobjective.obj
d:\src thangcuoi\src\exgameserver\temp\resetlimiter.obj
d:\src thangcuoi\src\exgameserver\temp\setitemoption.obj
d:\src thangcuoi\src\exgameserver\temp\socketitemtype.obj
d:\src thangcuoi\src\exgameserver\temp\acuoi_honhoan.obj
d:\src thangcuoi\src\exgameserver\temp\battlesoccer.obj
d:\src thangcuoi\src\exgameserver\temp\botalchemist.obj
d:\src thangcuoi\src\exgameserver\temp\command.obj
d:\src thangcuoi\src\exgameserver\temp\crywolfaltar.obj
d:\src thangcuoi\src\exgameserver\temp\customarena.obj
d:\src thangcuoi\src\exgameserver\temp\acuoi_monsterskill.obj
d:\src thangcuoi\src\exgameserver\temp\customnpcmove.obj
d:\src thangcuoi\src\exgameserver\temp\darkspirit.obj
d:\src thangcuoi\src\exgameserver\temp\eventinventory.obj
d:\src thangcuoi\src\exgameserver\temp\filter.obj
d:\src thangcuoi\src\exgameserver\temp\genssystem.obj
d:\src thangcuoi\src\exgameserver\temp\itembagmanager.obj
d:\src thangcuoi\src\exgameserver\temp\jewelmix.obj
d:\src thangcuoi\src\exgameserver\temp\kanturutowerofrefinement.obj
d:\src thangcuoi\src\exgameserver\temp\minidump.obj
d:\src thangcuoi\src\exgameserver\temp\monster.obj
d:\src thangcuoi\src\exgameserver\temp\pugixml.obj
d:\src thangcuoi\src\exgameserver\temp\schedulemanager.obj
d:\src thangcuoi\src\exgameserver\temp\serialcheck.obj
d:\src thangcuoi\src\exgameserver\temp\skill.obj
d:\src thangcuoi\src\exgameserver\temp\skillhitbox.obj
d:\src thangcuoi\src\exgameserver\temp\socketmanagerudp.obj
d:\src thangcuoi\src\exgameserver\temp\thumuadoexc.obj
d:\src thangcuoi\src\exgameserver\temp\zzztoolkit.obj
d:\src thangcuoi\src\exgameserver\temp\380itemtype.obj
d:\src thangcuoi\src\exgameserver\temp\bprotect.obj
d:\src thangcuoi\src\exgameserver\temp\castlesiegesync.obj
d:\src thangcuoi\src\exgameserver\temp\crywolfsync.obj
d:\src thangcuoi\src\exgameserver\temp\customcombo.obj
d:\src thangcuoi\src\exgameserver\temp\custommonster.obj
d:\src thangcuoi\src\exgameserver\temp\customreadguildserver.obj
d:\src thangcuoi\src\exgameserver\temp\customtop.obj
d:\src thangcuoi\src\exgameserver\temp\doublegoer.obj
d:\src thangcuoi\src\exgameserver\temp\eventrunandcatch.obj
d:\src thangcuoi\src\exgameserver\temp\gamemaster.obj
d:\src thangcuoi\src\exgameserver\temp\guildclass.obj
d:\src thangcuoi\src\exgameserver\temp\hidmanager.obj
d:\src thangcuoi\src\exgameserver\temp\itemlevel.obj
d:\src thangcuoi\src\exgameserver\temp\jewelofharmonyoption.obj
d:\src thangcuoi\src\exgameserver\temp\kanturubattleofmaya.obj
d:\src thangcuoi\src\exgameserver\temp\kanturustateinfo.obj
d:\src thangcuoi\src\exgameserver\temp\mapservermanager.obj
d:\src thangcuoi\src\exgameserver\temp\monsteraiautomata.obj
d:\src thangcuoi\src\exgameserver\temp\monsterairule.obj
d:\src thangcuoi\src\exgameserver\temp\monsterskillmanager.obj
d:\src thangcuoi\src\exgameserver\temp\packetmanager.obj
d:\src thangcuoi\src\exgameserver\temp\partysetpass.obj
d:\src thangcuoi\src\exgameserver\temp\questworld.obj
d:\src thangcuoi\src\exgameserver\temp\reconnect.obj
d:\src thangcuoi\src\exgameserver\temp\setitemtype.obj
d:\src thangcuoi\src\exgameserver\temp\acuoi_newxshop.obj
d:\src thangcuoi\src\exgameserver\temp\acuoi_quanham.obj
d:\src thangcuoi\src\exgameserver\temp\commandmanager.obj
d:\src thangcuoi\src\exgameserver\temp\custompick.obj
d:\src thangcuoi\src\exgameserver\temp\devilsquare.obj
d:\src thangcuoi\src\exgameserver\temp\experiencetable.obj
d:\src thangcuoi\src\exgameserver\temp\gameserver.obj
d:\src thangcuoi\src\exgameserver\temp\itemmove.obj
d:\src thangcuoi\src\exgameserver\temp\jsprotocol.obj
d:\src thangcuoi\src\exgameserver\temp\mappath.obj
d:\src thangcuoi\src\exgameserver\temp\memoryallocator.obj
d:\src thangcuoi\src\exgameserver\temp\mercenary.obj
d:\src thangcuoi\src\exgameserver\temp\monsteraielementinfo.obj
d:\src thangcuoi\src\exgameserver\temp\monsterskillunit.obj
d:\src thangcuoi\src\exgameserver\temp\notice.obj
d:\src thangcuoi\src\exgameserver\temp\party.obj
d:\src thangcuoi\src\exgameserver\temp\questreward.obj
d:\src thangcuoi\src\exgameserver\temp\raklion.obj
d:\src thangcuoi\src\exgameserver\temp\rankingserver.obj
d:\src thangcuoi\src\exgameserver\temp\skilldamage.obj
d:\src thangcuoi\src\exgameserver\temp\acuoi_addbuff.obj
d:\src thangcuoi\src\exgameserver\temp\util.obj
d:\src thangcuoi\src\exgameserver\re\gameserver.exe
d:\src thangcuoi\src\exgameserver\re\gameserver.pdb
d:\src thangcuoi\src\exgameserver\temp\gameserver.res
d:\src thangcuoi\src\exgameserver\temp\gameserver.ipdb
d:\src thangcuoi\src\exgameserver\temp\gameserver.iobj
d:\src thangcuoi\src\exgameserver\temp\gameserver.vcxproj.filelistabsolute.txt
d:\src thangcuoi\src\exgameserver\temp\gameserver.tlog\cl.command.1.tlog
d:\src thangcuoi\src\exgameserver\temp\gameserver.tlog\cl.items.tlog
d:\src thangcuoi\src\exgameserver\temp\gameserver.tlog\cl.read.1.tlog
d:\src thangcuoi\src\exgameserver\temp\gameserver.tlog\cl.write.1.tlog
d:\src thangcuoi\src\exgameserver\temp\gameserver.tlog\link.command.1.tlog
d:\src thangcuoi\src\exgameserver\temp\gameserver.tlog\link.read.1.tlog
d:\src thangcuoi\src\exgameserver\temp\gameserver.tlog\link.secondary.1.tlog
d:\src thangcuoi\src\exgameserver\temp\gameserver.tlog\link.write.1.tlog
d:\src thangcuoi\src\exgameserver\temp\gameserver.tlog\rc.command.1.tlog
d:\src thangcuoi\src\exgameserver\temp\gameserver.tlog\rc.read.1.tlog
d:\src thangcuoi\src\exgameserver\temp\gameserver.tlog\rc.write.1.tlog
