  stdafx.cpp
  CCRC32.Cpp
  Math.cpp
  380ItemOption.cpp
  380ItemType.cpp
  ActiveInvasions.cpp
  ACuoi_QuanHam.cpp
  ACuoi_TuLuyen.cpp
  ArcaBattle.cpp
  Attack.cpp
  BattleGround.cpp
  BattleSoccer.cpp
  BattleSoccerManager.cpp
  BlackList.cpp
  BloodCastle.cpp
  BonusManager.cpp
  BotAlchemist.cpp
  BotBuffer.cpp
  BotOnline.cpp
  ACuoi_MocNap.cpp
  BProtect.cpp
  CannonTower.cpp
  CashShop.cpp
  CastleDeep.cpp
  CastleSiege.cpp
  CastleSiegeCrown.cpp
  CastleSiegeCrownSwitch.cpp
  CastleSiegeSync.cpp
  CastleSiegeWeapon.cpp
  ChaosBox.cpp
  ChaosCastle.cpp
  ComboSkill.cpp
  Command.cpp
  CommandManager.cpp
  Connection.cpp
  CriticalSection.cpp
  Crywolf.cpp
  CrywolfAltar.cpp
  CrywolfObjInfo.cpp
  CrywolfStateTimeInfo.cpp
  CrywolfStatue.cpp
  CrywolfSync.cpp
  CrywolfUtil.cpp
  CSProtocol.cpp
  ACuoi_GiftCode.cpp
  CustomArena.cpp
  CustomAttack.cpp
  CustomBuyVip.cpp
  CustomCombo.cpp
  CustomCommandDescription.cpp
  CustomDeathMessage.cpp
  CustomEventDrop.cpp
  CustomEventTime.cpp
  CustomExchangeCoin.cpp
  CustomJewel.cpp
  ACuoi_JewelBank.cpp
  ACuoi_VongQuay.cpp
  CustomMix.cpp
  CustomMonster.cpp
  ResetTableVIP.cpp
  ACuoi_MonsterSkill.cpp
  CustomMove.cpp
  CustomMoveEvent.cpp
  CustomNpcCollector.cpp
  CustomNpcCommand.cpp
  CustomNpcMove.cpp
  CustomNpcQuest.cpp
  CustomPet.cpp
  CustomPick.cpp
  CustomQuest.cpp
  CustomRankUser.cpp
  CustomReadGuildServer.cpp
  CustomStartItem.cpp
  CustomStartItemDame.cpp
  CustomStartSetItemDame.cpp
  CustomStore.cpp
  CustomTop.cpp
  CustomWing.cpp
  CustomWingMix.cpp
  DarkSpirit.cpp
  DefaultClassInfo.cpp
  DevilSquare.cpp
  DoubleGoer.cpp
  DSProtocol.cpp
  Duel.cpp
  Effect.cpp
  EffectManager.cpp
  ESProtocol.cpp
  EventGvG.cpp
  EventHideAndSeek.cpp
  EventInventory.cpp
  EventKillAll.cpp
  EventPvP.cpp
  EventQuickly.cpp
  EventRunAndCatch.cpp
  EventRussianRoulette.cpp
  EventStart.cpp
  EventTvT.cpp
  ExperienceTable.cpp
  ExWinQuestSystem.cpp
  FakeOnline.cpp
  Filter.cpp
  FilterRaname.cpp
  Fruit.cpp
  GameMain.cpp
  GameMaster.cpp
  GameServer.cpp
  Gate.cpp
  GensSystem.cpp
  GetLicenseID.cpp
  GuardianStatue.cpp
  Guild.cpp
  GuildClass.cpp
  GuildMatching.cpp
  HackCheck.cpp
  HackPacketCheck.cpp
  Helper.cpp
  HidManager.cpp
  IllusionTemple.cpp
  ImperialGuardian.cpp
  InvasionManager.cpp
  InventoryEquipment.cpp
  IpManager.cpp
  Item.cpp
  ItemBag.cpp
  ItemBagEx.cpp
  ItemBagManager.cpp
  ItemDrop.cpp
  ItemExcellentOptionRate.cpp
  ItemLevel.cpp
  ItemManager.cpp
  ItemMove.cpp
  ItemOption.cpp
  ItemOptionRate.cpp
  ItemStack.cpp
  ItemValue.cpp
  ItemValueTrade.cpp
  JewelMix.cpp
  JewelOfHarmonyOption.cpp
  JewelOfHarmonyType.cpp
  JSProtocol.cpp
  Kalima.cpp
  Kanturu.cpp
  KanturuBattleOfMaya.cpp
  KanturuBattleOfNightmare.cpp
  KanturuBattleStanby.cpp
  KanturuBattleUserMng.cpp
  KanturuEntranceNPC.cpp
  KanturuMaya.cpp
  KanturuMonsterMng.cpp
  KanturuObjInfo.cpp
  KanturuStateInfo.cpp
  KanturuTowerOfRefinement.cpp
  KanturuUtil.cpp
  LifeStone.cpp
  Log.cpp
  LuckyCoin.cpp
  LuckyItem.cpp
  Map.cpp
  MapItem.cpp
  MapManager.cpp
  MapPath.cpp
  MapServerManager.cpp
  MasterSkillTree.cpp
  MemoryAllocator.cpp
  MemoryAllocatorInfo.cpp
  MemScript.cpp
  Mercenary.cpp
  MiniDump.cpp
  MiniMap.cpp
  MiningSystem.cpp
  Monster.cpp
  MonsterAI.cpp
  MonsterAIAgro.cpp
  MonsterAIAutomata.cpp
  MonsterAIAutomataInfo.cpp
  MonsterAIElement.cpp
  MonsterAIElementInfo.cpp
  MonsterAIGroup.cpp
  MonsterAIGroupMember.cpp
  MonsterAIMovePath.cpp
  MonsterAIMovePathInfo.cpp
  MonsterAIRule.cpp
  MonsterAIRuleInfo.cpp
  MonsterAIState.cpp
  MonsterAIUnit.cpp
  MonsterAIUnitInfo.cpp
  MonsterAIUtil.cpp
  MonsterManager.cpp
  MonsterSetBase.cpp
  MonsterSkillElement.cpp
  MonsterSkillElementInfo.cpp
  MonsterSkillElementOption.cpp
  MonsterSkillInfo.cpp
  MonsterSkillManager.cpp
  MonsterSkillUnit.cpp
  MonsterSkillUnitInfo.cpp
  MossMerchant.cpp
  Move.cpp
  MoveSummon.cpp
  MuRummy.cpp
  MuunSystem.cpp
  Notice.cpp
  NpcTalk.cpp
  ObjectManager.cpp
  OfflineMode.cpp
  PacketManager.cpp
  Party.cpp
  PartyMatching.cpp
  PartySetPass.cpp
  Path.cpp
  PcPoint.cpp
  PentagramSystem.cpp
  PersonalShop.cpp
  Protect.cpp
  Protocol.cpp
  pugixml.cpp
  Quest.cpp
  QuestObjective.cpp
  QuestReward.cpp
  QuestWorld.cpp
  QuestWorldObjective.cpp
  QuestWorldReward.cpp
  Queue.cpp
  QueueTimer.cpp
  Raklion.cpp
  RaklionBattleOfSelupan.cpp
  RaklionBattleUser.cpp
  RaklionBattleUserMng.cpp
  RaklionObjInfo.cpp
  RaklionSelupan.cpp
  RaklionUtil.cpp
  RandomManager.cpp
  RankingServer.cpp
  Reconnect.cpp
  ReiDoMu.cpp
  ResetChange.cpp
  ResetLimiter.cpp
  ResetTable.cpp
  ScheduleManager.cpp
  SendMessage.cpp
  SerialCheck.cpp
  ServerDisplayer.cpp
  ServerInfo.cpp
  SetItemOption.cpp
  SetItemType.cpp
  Shop.cpp
  ShopManager.cpp
  Skill.cpp
  SkillDamage.cpp
  SkillHitBox.cpp
  SkillManager.cpp
  SocketConnection.cpp
  SocketItemOption.cpp
  SocketItemType.cpp
  SocketManager.cpp
  SocketManagerModern.cpp
  SocketManagerUdp.cpp
  ACuoi_AddBuff.cpp
  ACuoi_AutoHp.cpp
  ACuoi_CastleEvent.cpp
  ACuoi_DanhHieu.cpp
  ACuoi_HonHoan.cpp
  ACuoi_MessLang.cpp
  ACuoi_NewXShop.cpp
  ACuoi_Relife.cpp
  ThuMuaDoExc.cpp
  Trade.cpp
  Union.cpp
  UnionInfo.cpp
  User.cpp
  Util.cpp
  Viewport.cpp
  Warehouse.cpp
  ZzzToolKit.cpp
GameServer.rc(86): warning RC2182: duplicate dialog control ID 1093
  
LINK : warning LNK4075: 忽略“/INCREMENTAL”(由于“/LTCG”规范)
  正在生成代码
  Previous IPDB not found, fall back to full compilation.
  All 15559 functions were compiled because no usable IPDB/IOBJ from previous compilation was found.
  已完成代码的生成
  GameServer.vcxproj -> D:\SRC ThangCuoi\SRC\ExGameServer\re\GameServer.exe
